Program Space (flash):
Name                                                |  Address | Class |  Type  |   Size   |  Section |  Line | File
__vector_default                                    | 0x000200 |     W | NOTYPE |          |    .text |    61 | (gcc) gcrt1.S
__vectors                                           | 0x000200 |     T | NOTYPE |          |    .text |    61 | (gcc) gcrt1.S
mode10Name                                          | 0x0002f4 |     t | OBJECT | 0x000009 |    .text |       |  
mode9Name                                           | 0x0002fd |     t | OBJECT | 0x000009 |    .text |       |  
mode8Name                                           | 0x000306 |     t | OBJECT | 0x000009 |    .text |       |  
mode7Name                                           | 0x00030f |     t | OBJECT | 0x000009 |    .text |       |  
mode6Name                                           | 0x000318 |     t | OBJECT | 0x000009 |    .text |       |  
mode5Name                                           | 0x000321 |     t | OBJECT | 0x000009 |    .text |       |  
mode4Name                                           | 0x00032a |     t | OBJECT | 0x000009 |    .text |       |  
mode3Name                                           | 0x000333 |     t | OBJECT | 0x000009 |    .text |       |  
mode2Name                                           | 0x00033c |     t | OBJECT | 0x000009 |    .text |       |  
mode1Name                                           | 0x000345 |     t | OBJECT | 0x000009 |    .text |       |  
mode0Name                                           | 0x00034e |     t | OBJECT | 0x000009 |    .text |       |  
mode7R2                                             | 0x000357 |     t | OBJECT | 0x000008 |    .text |       |  
mode4R2                                             | 0x00035f |     t | OBJECT | 0x000008 |    .text |       |  
mode5R1                                             | 0x000367 |     t | OBJECT | 0x000008 |    .text |       |  
mode2R2                                             | 0x00036f |     t | OBJECT | 0x000008 |    .text |       |  
mode1R1                                             | 0x000377 |     t | OBJECT | 0x000008 |    .text |       |  
mode1R0                                             | 0x00037f |     t | OBJECT | 0x000008 |    .text |       |  
pallete10                                           | 0x000387 |     t | OBJECT | 0x000008 |    .text |       |  
pallete9                                            | 0x00038f |     t | OBJECT | 0x000008 |    .text |       |  
pallete8                                            | 0x000397 |     t | OBJECT | 0x000008 |    .text |       |  
pallete7                                            | 0x00039f |     t | OBJECT | 0x000008 |    .text |       |  
pallete6                                            | 0x0003a7 |     t | OBJECT | 0x000008 |    .text |       |  
pallete5                                            | 0x0003af |     t | OBJECT | 0x000008 |    .text |       |  
pallete4                                            | 0x0003b7 |     t | OBJECT | 0x000008 |    .text |       |  
pallete3                                            | 0x0003bf |     t | OBJECT | 0x000008 |    .text |       |  
pallete2                                            | 0x0003c7 |     t | OBJECT | 0x000008 |    .text |       |  
pallete1                                            | 0x0003cf |     t | OBJECT | 0x000008 |    .text |       |  
pallete0                                            | 0x0003d7 |     t | OBJECT | 0x000008 |    .text |       |  
mode0R0                                             | 0x0003df |     t | OBJECT | 0x000008 |    .text |       |  
mode1L5                                             | 0x0003e7 |     t | OBJECT | 0x000008 |    .text |       |  
mode1L4                                             | 0x0003ef |     t | OBJECT | 0x000008 |    .text |       |  
mode1L3                                             | 0x0003f7 |     t | OBJECT | 0x000008 |    .text |       |  
mode1L2                                             | 0x0003ff |     t | OBJECT | 0x000008 |    .text |       |  
mode1L1                                             | 0x000407 |     t | OBJECT | 0x000008 |    .text |       |  
mode1L0                                             | 0x00040f |     t | OBJECT | 0x000008 |    .text |       |  
mode0L2                                             | 0x000417 |     t | OBJECT | 0x000008 |    .text |       |  
mode0L1                                             | 0x00041f |     t | OBJECT | 0x000008 |    .text |       |  
mode0L0                                             | 0x000427 |     t | OBJECT | 0x000008 |    .text |       |  
defaultValueRight                                   | 0x00042f |     t | OBJECT | 0x000058 |    .text |       |  
defaultValueLeft                                    | 0x000487 |     t | OBJECT | 0x000058 |    .text |       |  
getModeRatio(uint16_t)::__c                         | 0x0004df |     t | OBJECT | 0x00001a |    .text |       |  
leftValues                                          | 0x0004f9 |     t | OBJECT | 0x000020 |    .text |       |  
getModeColors(uint8_t*, uint8_t*, uint8_t*, uint32  | 0x000519 |     t | OBJECT | 0x00001a |    .text |       |  
colorPallete                                        | 0x000533 |     t | OBJECT | 0x000108 |    .text |       |  
maxValueLeft                                        | 0x00063b |     t | OBJECT | 0x000058 |    .text |       |  
__vector_30::enc_states                             | 0x000693 |     t | OBJECT | 0x000010 |    .text |       |  
setup::__c                                          | 0x0006a3 |     t | OBJECT | 0x00000f |    .text |       |  
setup::__c                                          | 0x0006b2 |     t | OBJECT | 0x000012 |    .text |       |  
handleUI()::__c                                     | 0x0006c4 |     t | OBJECT | 0x00000b |    .text |       |  
handleUI()::__c                                     | 0x0006cf |     t | OBJECT | 0x000008 |    .text |       |  
handleUI()::__c                                     | 0x0006d7 |     t | OBJECT | 0x00000b |    .text |       |  
doAttractLCD()::__c                                 | 0x0006e2 |     t | OBJECT | 0x000010 |    .text |       |  
doAttractLCD()::__c                                 | 0x0006f2 |     t | OBJECT | 0x000011 |    .text |       |  
doAttractLCD()::__c                                 | 0x000703 |     t | OBJECT | 0x000011 |    .text |       |  
doAttractLCD()::__c                                 | 0x000714 |     t | OBJECT | 0x00000d |    .text |       |  
doAttractLCD()::__c                                 | 0x000721 |     t | OBJECT | 0x00000b |    .text |       |  
doAttractLCD()::__c                                 | 0x00072c |     t | OBJECT | 0x00000e |    .text |       |  
doAttractLCD()::__c                                 | 0x00073a |     t | OBJECT | 0x00000b |    .text |       |  
doAttractLCD()::__c                                 | 0x000745 |     t | OBJECT | 0x000010 |    .text |       |  
handleLCD()::__c                                    | 0x000755 |     t | OBJECT | 0x000004 |    .text |       |  
handleLCD()::__c                                    | 0x000759 |     t | OBJECT | 0x000004 |    .text |       |  
modeNames                                           | 0x00075d |     t | OBJECT | 0x000016 |    .text |       |  
handleLCD()::__c                                    | 0x000773 |     t | OBJECT | 0x000005 |    .text |       |  
maxSetting                                          | 0x000778 |     t | OBJECT | 0x000016 |    .text |       |  
handleLCD()::__c                                    | 0x00078e |     t | OBJECT | 0x000005 |    .text |       |  
modesR                                              | 0x000793 |     t | OBJECT | 0x0000b0 |    .text |       |  
palleteNames                                        | 0x000843 |     t | OBJECT | 0x000016 |    .text |       |  
modesL                                              | 0x000859 |     t | OBJECT | 0x0000b0 |    .text |       |  
pulseBrightnessTable                                | 0x000909 |     t | OBJECT | 0x000040 |    .text |       |  
colorCount                                          | 0x000949 |     t | OBJECT | 0x00000b |    .text |       |  
maxValueRight                                       | 0x000954 |     t | OBJECT | 0x000058 |    .text |       |  
_usart0_pins                                        | 0x0009ac |     t | OBJECT | 0x000009 |    .text |       |  
__ctors_start                                       | 0x0009b6 |     T | NOTYPE |          |    .text |       |  
__ctors_end                                         | 0x0009b8 |     T | NOTYPE |          |    .text |   230 | (gcc) gcrt1.S
__init                                              | 0x0009b8 |     W | NOTYPE |          |    .text |   230 | (gcc) gcrt1.S
__do_copy_data                                      | 0x0009c4 |     T | NOTYPE | 0x00001a |    .text |  2373 | (gcc) lib1funcs.S
_initThreeStuff()                                   | 0x0009c4 |     T |   FUNC |          |    .text |  2373 | (gcc) lib1funcs.S
__do_clear_bss                                      | 0x0009de |     T | NOTYPE | 0x000010 |    .text |  2441 | (gcc) lib1funcs.S
.do_clear_bss_loop                                  | 0x0009e6 |     t | NOTYPE |          |    .text |  2446 | (gcc) lib1funcs.S
.do_clear_bss_start                                 | 0x0009e8 |     t | NOTYPE |          |    .text |  2448 | (gcc) lib1funcs.S
__do_global_ctors                                   | 0x0009ee |     T | NOTYPE | 0x000016 |    .text |  2466 | (gcc) lib1funcs.S
__bad_interrupt                                     | 0x000a0c |     T | NOTYPE |          |    .text |   209 | (gcc) gcrt1.S
Print::print(char)                                  | 0x000a0e |     t |   FUNC | 0x00000e |    .text |   197 | DxCore/megaavr/cores/dxcore/main.cpp
Print::print(__FlashStringHelper const*)            | 0x000a1c |     t |   FUNC | 0x000048 |    .text |   197 | DxCore/megaavr/cores/dxcore/main.cpp
Print::write(uint8_t const*, uint16_t)              | 0x000a64 |     t |   FUNC | 0x00005a |    .text |   197 | DxCore/megaavr/cores/dxcore/main.cpp
UartClass::availableForWrite()                      | 0x000abe |     t |   FUNC | 0x00001e |    .text |   197 | DxCore/megaavr/cores/dxcore/main.cpp
UartClass::read()                                   | 0x000adc |     t |   FUNC | 0x000028 |    .text |   197 | DxCore/megaavr/cores/dxcore/main.cpp
UartClass::peek()                                   | 0x000b04 |     t |   FUNC | 0x00001c |    .text |   197 | DxCore/megaavr/cores/dxcore/main.cpp
UartClass::available()                              | 0x000b20 |     t |   FUNC | 0x000018 |    .text |   197 | DxCore/megaavr/cores/dxcore/main.cpp
UartClass::end()                                    | 0x000b38 |     t |   FUNC | 0x00003a |    .text |   197 | DxCore/megaavr/cores/dxcore/main.cpp
UartClass::begin(uint32_t, uint16_t)                | 0x000b72 |     t |   FUNC | 0x000252 |    .text |   197 | DxCore/megaavr/cores/dxcore/main.cpp
UartClass::_tx_data_empty_irq(UartClass&)           | 0x000dc4 |     t |   FUNC | 0x000052 |    .text |   197 | DxCore/megaavr/cores/dxcore/main.cpp
UartClass::_poll_tx_data_empty()                    | 0x000e16 |     t |   FUNC | 0x000038 |    .text |   197 | DxCore/megaavr/cores/dxcore/main.cpp
UartClass::write(uint8_t)                           | 0x000e4e |     t |   FUNC | 0x000098 |    .text |   197 | DxCore/megaavr/cores/dxcore/main.cpp
UartClass::flush()                                  | 0x000ee6 |     t |   FUNC | 0x000028 |    .text |   197 | DxCore/megaavr/cores/dxcore/main.cpp
UartClass::operator bool()                          | 0x000f0e |     t |   FUNC | 0x000004 |    .text |   197 | DxCore/megaavr/cores/dxcore/main.cpp
micros                                              | 0x000f12 |     t |   FUNC | 0x00008a |    .text |   202 | DxCore/megaavr/cores/dxcore/wiring.c
delay                                               | 0x000f9c |     t |   FUNC | 0x000060 |    .text |   599 | DxCore/megaavr/cores/dxcore/wiring.c
millis                                              | 0x000ffc |     t |   FUNC | 0x000018 |    .text |   177 | DxCore/megaavr/cores/dxcore/wiring.c
hd44780::command(uint8_t)                           | 0x001014 |     t |   FUNC | 0x00006e |    .text |   197 | DxCore/megaavr/cores/dxcore/main.cpp
hd44780::clear() [cnst.24]                          | 0x001082 |     t |   FUNC | 0x000008 |    .text |   197 | DxCore/megaavr/cores/dxcore/main.cpp
hd44780::setCursor(uint8_t, uint8_t)                | 0x00108a |     t |   FUNC | 0x00004c |    .text |   197 | DxCore/megaavr/cores/dxcore/main.cpp
hd44780::write(uint8_t)                             | 0x0010d6 |     t |   FUNC | 0x000092 |    .text |   197 | DxCore/megaavr/cores/dxcore/main.cpp
hd44780::iosetContrast(uint8_t)                     | 0x001168 |     t |   FUNC | 0x000006 |    .text |   197 | DxCore/megaavr/cores/dxcore/main.cpp
hd44780::iosetBacklight(uint8_t)                    | 0x001168 |     t |   FUNC | 0x000006 |    .text |   197 | DxCore/megaavr/cores/dxcore/main.cpp
hd44780::ioread(hd44780::iotype)                    | 0x00116e |     t |   FUNC | 0x000006 |    .text |   197 | DxCore/megaavr/cores/dxcore/main.cpp
Print::availableForWrite()                          | 0x001174 |     t |   FUNC | 0x000006 |    .text |   197 | DxCore/megaavr/cores/dxcore/main.cpp
hd44780::ioinit()                                   | 0x001174 |     t |   FUNC | 0x000006 |    .text |   197 | DxCore/megaavr/cores/dxcore/main.cpp
getPalleteNumber()                                  | 0x00117a |     t |   FUNC | 0x000012 |    .text |   197 | DxCore/megaavr/cores/dxcore/main.cpp
getTransitionFrames()                               | 0x00118c |     t |   FUNC | 0x000030 |    .text |   197 | DxCore/megaavr/cores/dxcore/main.cpp
getDwellFrames()                                    | 0x0011bc |     t |   FUNC | 0x000022 |    .text |   197 | DxCore/megaavr/cores/dxcore/main.cpp
getDrift2Colors(uint8_t*, uint8_t*, uint8_t*, uint  | 0x0011de |     t |   FUNC | 0x00019a |    .text |   197 | DxCore/megaavr/cores/dxcore/main.cpp
pushPixel(uint8_t, uint8_t, uint8_t, uint8_t)       | 0x001378 |     t |   FUNC | 0x000042 |    .text |   197 | DxCore/megaavr/cores/dxcore/main.cpp
getLeftVal(uint8_t)                                 | 0x0013ba |     t |   FUNC | 0x000032 |    .text |   197 | DxCore/megaavr/cores/dxcore/main.cpp
EERef::operator=(uint8_t)                           | 0x0013ec |     t |   FUNC | 0x00002e |    .text |   197 | DxCore/megaavr/cores/dxcore/main.cpp
UartClass::begin(uint32_t)                          | 0x00141a |     t |   FUNC | 0x000012 |    .text |   197 | DxCore/megaavr/cores/dxcore/main.cpp
Print::flush()                                      | 0x00142c |     t |   FUNC | 0x000002 |    .text |   197 | DxCore/megaavr/cores/dxcore/main.cpp
digitalRead                                         | 0x00142e |     t |   FUNC | 0x000036 |    .text |   448 | DxCore/megaavr/cores/dxcore/wiring_digital.c
digitalWrite                                        | 0x001464 |     t |   FUNC | 0x000198 |    .text |   348 | DxCore/megaavr/cores/dxcore/wiring_digital.c
hd44780_pinIO::write4bits(uint8_t)                  | 0x0015fc |     t |   FUNC | 0x000040 |    .text |   197 | DxCore/megaavr/cores/dxcore/main.cpp
hd44780_pinIO::iowrite(hd44780::iotype, uint8_t)    | 0x00163c |     t |   FUNC | 0x0000ba |    .text |   197 | DxCore/megaavr/cores/dxcore/main.cpp
hd44780::command4bit(uint8_t) [cnst.15]             | 0x0016f6 |     t |   FUNC | 0x000050 |    .text |   197 | DxCore/megaavr/cores/dxcore/main.cpp
hd44780_pinIO::ioread(hd44780::iotype)              | 0x001746 |     t |   FUNC | 0x0002e6 |    .text |   197 | DxCore/megaavr/cores/dxcore/main.cpp
hd44780_pinIO::ioinit()                             | 0x001a2c |     t |   FUNC | 0x0002a4 |    .text |   197 | DxCore/megaavr/cores/dxcore/main.cpp
analogWrite                                         | 0x001cd0 |     t |   FUNC | 0x000208 |    .text |   400 | DxCore/megaavr/cores/dxcore/wiring_analog.c
hd44780_pinIO::iosetBacklight(uint8_t)              | 0x001ed8 |     t |   FUNC | 0x0000e2 |    .text |   197 | DxCore/megaavr/cores/dxcore/main.cpp
random(long, long)                                  | 0x001fba |     t |   FUNC | 0x00005a |    .text |   197 | DxCore/megaavr/cores/dxcore/main.cpp
initColorsDrift2()                                  | 0x002014 |     t |   FUNC | 0x0000a8 |    .text |   197 | DxCore/megaavr/cores/dxcore/main.cpp
Print::write(char const*) [clone .part.2]           | 0x0020bc |     t |   FUNC | 0x00001e |    .text |    47 | DxCore/megaavr/cores/dxcore/api/Print.h
Print::printNumber(uint32_t, uint8_t)               | 0x0020da |     t |   FUNC | 0x00008a |    .text |   197 | DxCore/megaavr/cores/dxcore/main.cpp
Print::println(char const*) [cnst.25]               | 0x002164 |     t |   FUNC | 0x000022 |    .text |   197 | DxCore/megaavr/cores/dxcore/main.cpp
Print::printFloat(double, uint8_t) [cnst.8]         | 0x002186 |     t |   FUNC | 0x0001be |    .text |   197 | DxCore/megaavr/cores/dxcore/main.cpp
getModeColors(uint8_t*, uint8_t*, uint8_t*, uint32  | 0x002344 |     t |   FUNC | 0x000302 |    .text |   197 | DxCore/megaavr/cores/dxcore/main.cpp
updatePatternWave()                                 | 0x002646 |     t |   FUNC | 0x000066 |    .text |   197 | DxCore/megaavr/cores/dxcore/main.cpp
initLookupDrift2()                                  | 0x0026ac |     t |   FUNC | 0x0000c8 |    .text |   197 | DxCore/megaavr/cores/dxcore/main.cpp
__cxa_pure_virtual                                  | 0x002774 |     t |   FUNC | 0x000004 |    .text |    24 | DxCore/megaavr/cores/dxcore/abi.cpp
setMode(uint8_t)                                    | 0x002778 |     t |   FUNC | 0x00014c |    .text |   197 | DxCore/megaavr/cores/dxcore/main.cpp
__vector_22                                         | 0x0028c4 |     T |   FUNC | 0x000054 |    .text |    58 | DxCore/megaavr/cores/dxcore/UART0.cpp
__vector_23                                         | 0x002918 |     T |   FUNC | 0x000032 |    .text |    45 | DxCore/megaavr/cores/dxcore/UART0.cpp
__vector_21                                         | 0x00294a |     T |   FUNC | 0x00005e |    .text |    41 | DxCore/megaavr/cores/dxcore/UART0.cpp
__vector_31                                         | 0x0029a8 |     T |   FUNC | 0x000050 |    .text |   128 | DxCore/megaavr/cores/dxcore/wiring.c
__vector_44                                         | 0x0029f8 |     T |   FUNC | 0x00016a |    .text |  1151 | /Users/Spence/Documents/Electronics/DriftAnimate/DriftAnimate_V2/DriftAnimate_V2.ino
__vector_30                                         | 0x002b62 |     T |   FUNC | 0x000220 |    .text |   998 | /Users/Spence/Documents/Electronics/DriftAnimate/DriftAnimate_V2/DriftAnimate_V2.ino
global constructors keyed to 65535_0_DriftAnimate_  | 0x002d82 |     t |   FUNC | 0x000106 |    .text |   197 | DxCore/megaavr/cores/dxcore/main.cpp
main                                                | 0x002e88 |     T |   FUNC | 0x001466 |    .text |    49 | DxCore/megaavr/cores/dxcore/main.cpp
head24                                              | 0x004202 |     t | NOTYPE |          |    .text |   525 | DxCore/megaavr/libraries/tinyNeoPixel_Static/tinyNeoPixel_Static.cpp
seconddelay24                                       | 0x004220 |     t | NOTYPE |          |    .text |   525 | DxCore/megaavr/libraries/tinyNeoPixel_Static/tinyNeoPixel_Static.cpp
smallerdelay24                                      | 0x004222 |     t | NOTYPE |          |    .text |   525 | DxCore/megaavr/libraries/tinyNeoPixel_Static/tinyNeoPixel_Static.cpp
nextbyte24                                          | 0x004224 |     t | NOTYPE |          |    .text |   525 | DxCore/megaavr/libraries/tinyNeoPixel_Static/tinyNeoPixel_Static.cpp
random_r                                            | 0x0042ee |     T |   FUNC | 0x000092 |    .text |   429 | /Users/Spence/Documents/Electronics/DriftAnimate/DriftAnimate_V2/DriftAnimate_V2.ino
random                                              | 0x004380 |     T |   FUNC | 0x000098 |    .text |       |  
srandom                                             | 0x004418 |     T |   FUNC | 0x000012 |    .text |       |  
__divmodsi4                                         | 0x00442a |     T | NOTYPE | 0x000028 |    .text |  1686 | (gcc) lib1funcs.S
__divmodsi4_neg2                                    | 0x004442 |     t | NOTYPE |          |    .text |  1701 | (gcc) lib1funcs.S
__divmodsi4_exit                                    | 0x004450 |     t | NOTYPE |          |    .text |  1709 | (gcc) lib1funcs.S
__negsi2                                            | 0x004452 |     T | NOTYPE | 0x000010 |    .text |  1718 | (gcc) lib1funcs.S
__muluhisi3                                         | 0x004462 |     T | NOTYPE | 0x000014 |    .text |   626 | (gcc) lib1funcs.S
__mulshisi3                                         | 0x004476 |     T | NOTYPE | 0x000004 |    .text |   603 | (gcc) lib1funcs.S
__mulohisi3                                         | 0x00447a |     T | NOTYPE | 0x000008 |    .text |   613 | (gcc) lib1funcs.S
__udivmodsi4                                        | 0x004482 |     T | NOTYPE | 0x000044 |    .text |   617 | (gcc) lib1funcs.S
__udivmodsi4_loop                                   | 0x00448e |     t | NOTYPE |          |    .text |  1646 | (gcc) lib1funcs.S
__udivmodsi4_ep                                     | 0x0044a8 |     t | NOTYPE |          |    .text |  1660 | (gcc) lib1funcs.S
__umulhisi3                                         | 0x0044c6 |     T | NOTYPE | 0x00001e |    .text |   564 | (gcc) lib1funcs.S
__subsf3                                            | 0x0044e4 |     T |   FUNC | 0x00000a |    .text |       |  
__addsf3                                            | 0x0044e6 |     T | NOTYPE |          |    .text |       |  
__addsf3x                                           | 0x004508 |     T |   FUNC | 0x0000cc |    .text |       |  
__cmpsf2                                            | 0x0045ae |     T |   FUNC | 0x000008 |    .text |       |  
__eqsf2                                             | 0x0045ae |     T | NOTYPE |          |    .text |       |  
__lesf2                                             | 0x0045ae |     T | NOTYPE |          |    .text |       |  
__ltsf2                                             | 0x0045ae |     T | NOTYPE |          |    .text |       |  
__nesf2                                             | 0x0045ae |     T | NOTYPE |          |    .text |       |  
__divsf3                                            | 0x0045b6 |     T |   FUNC | 0x000004 |    .text |       |  
__divsf3x                                           | 0x0045d0 |     T |   FUNC | 0x0000dc |    .text |       |  
__divsf3_pse                                        | 0x0045d4 |     T | NOTYPE |          |    .text |       |  
__fixunssfsi                                        | 0x004686 |     T |   FUNC | 0x000058 |    .text |       |  
__floatunsisf                                       | 0x0046de |     T |   FUNC | 0x00007a |    .text |       |  
__floatsisf                                         | 0x0046e2 |     T | NOTYPE |          |    .text |       |  
__fp_cmp                                            | 0x004758 |     T |   FUNC | 0x000048 |    .text |       |  
__fp_inf                                            | 0x0047a0 |     T |   FUNC | 0x00000c |    .text |       |  
__fp_nan                                            | 0x0047ac |     T |   FUNC | 0x000006 |    .text |       |  
__fp_pscA                                           | 0x0047b2 |     T |   FUNC | 0x00000e |    .text |       |  
__fp_pscB                                           | 0x0047c0 |     T |   FUNC | 0x00000e |    .text |       |  
__fp_round                                          | 0x0047ce |     T |   FUNC | 0x000022 |    .text |       |  
__fp_split3                                         | 0x0047f0 |     T |   FUNC | 0x000044 |    .text |       |  
__fp_splitA                                         | 0x004800 |     T | NOTYPE |          |    .text |       |  
__fp_zero                                           | 0x004834 |     T |   FUNC | 0x00000e |    .text |       |  
__fp_szero                                          | 0x004836 |     T | NOTYPE |          |    .text |       |  
__gesf2                                             | 0x004842 |     T |   FUNC | 0x000008 |    .text |       |  
__gtsf2                                             | 0x004842 |     T | NOTYPE |          |    .text |       |  
__mulsf3                                            | 0x00484a |     T |   FUNC | 0x000004 |    .text |       |  
__mulsf3x                                           | 0x004862 |     T |   FUNC | 0x0000d2 |    .text |       |  
__mulsf3_pse                                        | 0x004866 |     T | NOTYPE |          |    .text |       |  
__unordsf2                                          | 0x004910 |     T |   FUNC | 0x000008 |    .text |       |  
__mulsi3                                            | 0x004918 |     T | NOTYPE | 0x00001e |    .text |   648 | (gcc) lib1funcs.S
__udivmodhi4                                        | 0x004936 |     T | NOTYPE | 0x000028 |    .text |  1408 | (gcc) lib1funcs.S
__udivmodhi4_loop                                   | 0x00493e |     t | NOTYPE |          |    .text |  1413 | (gcc) lib1funcs.S
__udivmodhi4_ep                                     | 0x00494c |     t | NOTYPE |          |    .text |  1421 | (gcc) lib1funcs.S
abort                                               | 0x004970 |     T |   FUNC | 0x000008 |    .text |       |  
__stop_program                                      | 0x00497a |     t | NOTYPE |          |    .text |  2280 | (gcc) lib1funcs.S
__data_load_start                                   | 0x00497c |     A | NOTYPE |          |    *ABS* |       |  
__data_load_end                                     | 0x004ac8 |     A | NOTYPE |          |    *ABS* |       |  

Data Space (SRAM):
Name                           |  Address | Class |  Type  |   Size   |  Section |  Line | File
__vector_30::EncR_Prev         | 0x804000 |     d | OBJECT | 0x000001 |    .data |       |  
__vector_30::EncL_Prev         | 0x804001 |     d | OBJECT | 0x000001 |    .data |       |  
pktLength                      | 0x804002 |     d | OBJECT | 0x000001 |    .data |    77 | /Users/Spence/AppData/Local/Temp/arduino_build_761867/sketch/LightCtrl_RevE.h
handleUI()::lastBtnState       | 0x804003 |     d | OBJECT | 0x000001 |    .data |       |  
handleUI()::lastBtnBounceState | 0x804004 |     d | OBJECT | 0x000001 |    .data |       |  
handleLCD()::drift2_colors     | 0x804005 |     d | OBJECT | 0x000001 |    .data |       |  
UIChanged                      | 0x804006 |     d | OBJECT | 0x000001 |    .data |   198 | /Users/Spence/Documents/Electronics/DriftAnimate/DriftAnimate_V2/DriftAnimate_V2.ino
next                           | 0x804007 |     d | OBJECT | 0x000004 |    .data |       |  
digital_pin_to_timer           | 0x80400b |     d | OBJECT | 0x000029 |    .data |   482 | DxCore/megaavr/variants/48pin-standard/pins_arduino.h
digital_pin_to_bit_position    | 0x804034 |     d | OBJECT | 0x000029 |    .data |   377 | DxCore/megaavr/variants/48pin-standard/pins_arduino.h
vtable for UartClass           | 0x80405d |     d | OBJECT | 0x00001a |    .data |       |  
digital_pin_to_bit_mask        | 0x804077 |     d | OBJECT | 0x000029 |    .data |   430 | DxCore/megaavr/variants/48pin-standard/pins_arduino.h
digital_pin_to_port            | 0x8040a0 |     d | OBJECT | 0x000029 |    .data |   331 | DxCore/megaavr/variants/48pin-standard/pins_arduino.h
vtable for hd44780             | 0x8040c9 |     d | OBJECT | 0x000016 |    .data |       |  
vtable for hd44780_pinIO       | 0x8040df |     d | OBJECT | 0x000016 |    .data |       |  
__bss_start                    | 0x80414c |     B | NOTYPE |          |     .bss |       |  
__data_end                     | 0x80414c |     D | NOTYPE |          |    .data |       |  
gotMessage                     | 0x80414c |     b | OBJECT | 0x000001 |     .bss |    74 | /Users/Spence/AppData/Local/Temp/arduino_build_761867/sketch/LightCtrl_RevE.h
lastRFMsgAt                    | 0x80414d |     b | OBJECT | 0x000004 |     .bss |    78 | /Users/Spence/AppData/Local/Temp/arduino_build_761867/sketch/LightCtrl_RevE.h
lastEncPins                    | 0x804151 |     b | OBJECT | 0x000001 |     .bss |   193 | /Users/Spence/Documents/Electronics/DriftAnimate/DriftAnimate_V2/DriftAnimate_V2.ino
lastUserAction                 | 0x804152 |     b | OBJECT | 0x000004 |     .bss |   204 | /Users/Spence/Documents/Electronics/DriftAnimate/DriftAnimate_V2/DriftAnimate_V2.ino
__vector_30::EncR_Val          | 0x804156 |     b | OBJECT | 0x000001 |     .bss |       |  
__vector_30::EncL_Val          | 0x804157 |     b | OBJECT | 0x000001 |     .bss |       |  
dataIn                         | 0x804158 |     b | OBJECT | 0x000001 |     .bss |    76 | /Users/Spence/AppData/Local/Temp/arduino_build_761867/sketch/LightCtrl_RevE.h
rxBuffer                       | 0x804159 |     b | OBJECT | 0x000020 |     .bss |    79 | /Users/Spence/AppData/Local/Temp/arduino_build_761867/sketch/LightCtrl_RevE.h
bitnum                         | 0x804179 |     b | OBJECT | 0x000001 |     .bss |    72 | /Users/Spence/AppData/Local/Temp/arduino_build_761867/sketch/LightCtrl_RevE.h
__vector_44::lasttime          | 0x80417a |     b | OBJECT | 0x000004 |     .bss |       |  
timer_millis                   | 0x80417e |     b | OBJECT | 0x000004 |     .bss |    58 | DxCore/megaavr/cores/dxcore/wiring.c
handleUI()::lastPressAt        | 0x804182 |     b | OBJECT | 0x000004 |     .bss |       |  
handleUI()::lastBtnAt          | 0x804186 |     b | OBJECT | 0x000004 |     .bss |       |  
currentSettingRight            | 0x80418a |     b | OBJECT | 0x000001 |     .bss |   195 | /Users/Spence/Documents/Electronics/DriftAnimate/DriftAnimate_V2/DriftAnimate_V2.ino
currentSettingLeft             | 0x80418b |     b | OBJECT | 0x000001 |     .bss |   194 | /Users/Spence/Documents/Electronics/DriftAnimate/DriftAnimate_V2/DriftAnimate_V2.ino
handleLCD()::attractmode       | 0x80418c |     b | OBJECT | 0x000001 |     .bss |       |  
handleLCD()::lastInputAt       | 0x80418d |     b | OBJECT | 0x000004 |     .bss |       |  
lastRFUpdateAt                 | 0x804191 |     b | OBJECT | 0x000004 |     .bss |   199 | /Users/Spence/Documents/Electronics/DriftAnimate/DriftAnimate_V2/DriftAnimate_V2.ino
updatePatternFade()::bright    | 0x804195 |     b | OBJECT | 0x000001 |     .bss |       |  
updatePatternDots2()::b        | 0x804196 |     b | OBJECT | 0x000001 |     .bss |       |  
updatePatternDots2()::g        | 0x804197 |     b | OBJECT | 0x000001 |     .bss |       |  
updatePatternDots2()::r        | 0x804198 |     b | OBJECT | 0x000001 |     .bss |       |  
scratch                        | 0x804199 |     b | OBJECT | 0x0005dc |     .bss |   211 | /Users/Spence/Documents/Electronics/DriftAnimate/DriftAnimate_V2/DriftAnimate_V2.ino
frameNumber                    | 0x804775 |     b | OBJECT | 0x000004 |     .bss |   212 | /Users/Spence/Documents/Electronics/DriftAnimate/DriftAnimate_V2/DriftAnimate_V2.ino
currentValueLeft               | 0x804779 |     b | OBJECT | 0x000008 |     .bss |   196 | /Users/Spence/Documents/Electronics/DriftAnimate/DriftAnimate_V2/DriftAnimate_V2.ino
currentValueRight              | 0x804781 |     b | OBJECT | 0x000008 |     .bss |   197 | /Users/Spence/Documents/Electronics/DriftAnimate/DriftAnimate_V2/DriftAnimate_V2.ino
currentMode                    | 0x804789 |     b | OBJECT | 0x000001 |     .bss |   201 | /Users/Spence/Documents/Electronics/DriftAnimate/DriftAnimate_V2/DriftAnimate_V2.ino
lastFrameAt                    | 0x80478a |     b | OBJECT | 0x000004 |     .bss |   209 | /Users/Spence/Documents/Electronics/DriftAnimate/DriftAnimate_V2/DriftAnimate_V2.ino
loop::updated                  | 0x80478e |     b | OBJECT | 0x000001 |     .bss |       |  
Serial0                        | 0x80478f |     b | OBJECT | 0x000097 |     .bss |    62 | DxCore/megaavr/cores/dxcore/UART0.cpp
pixels                         | 0x804826 |     b | OBJECT | 0x0005dc |     .bss |   210 | /Users/Spence/Documents/Electronics/DriftAnimate/DriftAnimate_V2/DriftAnimate_V2.ino
leds                           | 0x804e02 |     b | OBJECT | 0x000013 |     .bss |   213 | /Users/Spence/Documents/Electronics/DriftAnimate/DriftAnimate_V2/DriftAnimate_V2.ino
lcd                            | 0x804e15 |     b | OBJECT | 0x000029 |     .bss |    11 | /Users/Spence/Documents/Electronics/DriftAnimate/DriftAnimate_V2/DriftAnimate_V2.ino
__bss_end                      | 0x804e3e |     B | NOTYPE |          |     .bss |       |  
_end                           | 0x804e3e |     N | NOTYPE |          | .comment |       |  
